[digitonaut.com/art/dalis_mustache_train/index.html]
[digitonaut.com/art/dancing_colors/index.html]
[backblue.gif]
[fade.gif]
[index.html]
[digitonaut.com/art/dangerous_planet/index.html]
[digitonaut.com/art/database_journey/index.html]
[digitonaut.com/art/dark_cave/index.html]
[digitonaut.com/art/dawn/index.html]
[digitonaut.com/art/dalis_mustache_train/shader-web-background.min.js]
[digitonaut.com/art/dalis_mustache_train/index.html]
[digitonaut.com/art/day_night_ocean/index.html]
[digitonaut.com/art/debris/index.html]
[digitonaut.com/art/december_box/index.html]
[digitonaut.com/art/deep_fractal_zoom/index.html]
[digitonaut.com/art/deep_in_the_wood/index.html]
[digitonaut.com/art/deep_sea_trench/index.html]
[digitonaut.com/art/deform_flower/index.html]
[digitonaut.com/art/depth/index.html]
[digitonaut.com/art/derivate_noise/index.html]
[digitonaut.com/art/descent/index.html]
[digitonaut.com/art/descent_3D/index.html]
[digitonaut.com/art/descompuesto_apollonian/index.html]
[digitonaut.com/art/desert/index.html]
[digitonaut.com/art/desert_chase/index.html]
[digitonaut.com/art/desert_canyon/index.html]
[digitonaut.com/art/desert_floor_blobs/index.html]
[digitonaut.com/art/desert_morning/index.html]
[digitonaut.com/art/dancing_colors/index.html]
[digitonaut.com/art/dig_down/index.html]
[digitonaut.com/art/dancing_colors/main.js]
[digitonaut.com/art/desert_sand/index.html]
[digitonaut.com/art/digital_oil/index.html]
[digitonaut.com/art/digital_trees/index.html]
[digitonaut.com/art/digital_wave/index.html]
[digitonaut.com/art/disco_neon/index.html]
[digitonaut.com/art/disco_tunnel/index.html]
[digitonaut.com/art/disconnect_work/index.html]
[digitonaut.com/art/distance_meter/index.html]
[digitonaut.com/art/diy_spaceman_cave/index.html]
[digitonaut.com/art/dizzy/index.html]
[digitonaut.com/art/dodecahedrons/index.html]
[digitonaut.com/art/dangerous_planet/script.js]
[digitonaut.com/art/dangerous_planet/index.html]
[digitonaut.com/art/doski_canady/index.html]
[digitonaut.com/art/doc_dump/index.html]
[digitonaut.com/art/dry_rocky_george/index.html]
[digitonaut.com/art/dual_truchet_tiles/index.html]
[digitonaut.com/art/dynamic_medusas/index.html]
[digitonaut.com/art/dynamic_patterns/index.html]
[digitonaut.com/art/dark_cave/index.html]
[digitonaut.com/art/dark_cave/main.js]
[digitonaut.com/art/database_journey/style.css]
[digitonaut.com/art/database_journey/index.html]
[digitonaut.com/art/dancing_colors/three.min.js]
[digitonaut.com/art/dawn/SkyShader.js]
[digitonaut.com/art/dawn/script.js]
[digitonaut.com/art/dawn/index.html]
[digitonaut.com/art/dangerous_planet/three.min.js]
[digitonaut.com/art/day_night_ocean/main.js]
[digitonaut.com/art/day_night_ocean/index.html]
[digitonaut.com/art/dark_cave/three.min.js]
[digitonaut.com/art/dawn/three.min.js]
[digitonaut.com/art/debris/Tween.min.js]
[digitonaut.com/art/debris/index.html]
[digitonaut.com/art/debris/script.js]
[digitonaut.com/art/day_night_ocean/three.min.js]
[digitonaut.com/art/december_box/OrbitControls.js]
[digitonaut.com/art/december_box/perlin.js]
[digitonaut.com/art/december_box/script.js]
[digitonaut.com/art/december_box/index.html]
[digitonaut.com/art/deep_fractal_zoom/script.js]
[digitonaut.com/art/deep_fractal_zoom/index.html]
[digitonaut.com/art/december_box/TweenMax.min.js]
[digitonaut.com/art/deep_in_the_wood/main.js]
[digitonaut.com/art/deep_in_the_wood/index.html]
[digitonaut.com/art/debris/three.min.js]
[digitonaut.com/art/deep_sea_trench/Tween.min.js]
[digitonaut.com/art/deep_sea_trench/script.js]
[digitonaut.com/art/deep_sea_trench/index.html]
[digitonaut.com/art/deform_flower/shader-web-background.min.js]
[digitonaut.com/art/deform_flower/index.html]
[digitonaut.com/art/depth/shader-web-background.min.js]
[digitonaut.com/art/depth/index.html]
[digitonaut.com/art/december_box/three.min.js]
[digitonaut.com/art/derivate_noise/index.html]
[digitonaut.com/art/descent/shader-web-background.min.js]
[digitonaut.com/art/descent/index.html]
[digitonaut.com/art/descent_3D/shader-web-background.min.js]
[digitonaut.com/art/descent_3D/index.html]
[digitonaut.com/art/deep_in_the_wood/three.min.js]
[digitonaut.com/art/descompuesto_apollonian/shader-web-background.min.js]
[digitonaut.com/art/descompuesto_apollonian/index.html]
[digitonaut.com/art/desert/index.html]
[digitonaut.com/art/desert/main.js]
[digitonaut.com/art/desert_canyon/shader-web-background.min.js]
[digitonaut.com/art/deep_sea_trench/three.min.js]
[digitonaut.com/art/desert_canyon/ichannel1.jpg]
[digitonaut.com/art/desert_canyon/index.html]
[digitonaut.com/art/desert_chase/shader-web-background.min.js]
[digitonaut.com/art/desert_chase/index.html]
[digitonaut.com/art/derivate_noise/script.js]
[digitonaut.com/art/desert/three.min.js]
[digitonaut.com/art/desert_floor_blobs/index.html]
[digitonaut.com/art/desert_floor_blobs/script.js]
[digitonaut.com/art/desert_morning/index.html]
[digitonaut.com/art/desert_morning/shader-web-background.min.js]
[digitonaut.com/art/desert_sand/index.html]
[digitonaut.com/art/desert_sand/shader-web-background.min.js]
[digitonaut.com/art/dig_down/index.html]
[digitonaut.com/art/dig_down/shader-web-background.min.js]
[digitonaut.com/art/digital_oil/index.html]
[digitonaut.com/art/digital_oil/script.js]
[digitonaut.com/art/digital_trees/openProcessing.js]
[digitonaut.com/art/digital_trees/index.html]
[digitonaut.com/art/digital_trees/script.js]
[digitonaut.com/art/digital_wave/main.js]
[digitonaut.com/art/digital_wave/index.html]
[digitonaut.com/art/desert_floor_blobs/three.min.js]
[digitonaut.com/art/disco_neon/index.html]
[digitonaut.com/art/disco_neon/shader-web-background.min.js]
[digitonaut.com/art/disco_tunnel/index.html]
[digitonaut.com/art/disco_tunnel/shader-web-background.min.js]
[digitonaut.com/art/disconnect_work/index.html]
[digitonaut.com/art/distance_meter/shader-web-background.min.js]
[digitonaut.com/art/distance_meter/index.html]
[digitonaut.com/art/diy_spaceman_cave/shader-web-background.min.js]
[digitonaut.com/art/diy_spaceman_cave/index.html]
[digitonaut.com/art/dizzy/style.css]
[digitonaut.com/art/dizzy/index.html]
[digitonaut.com/art/doc_dump/shader-web-background.min.js]
[digitonaut.com/art/doc_dump/index.html]
[digitonaut.com/art/digital_wave/three.min.js]
[digitonaut.com/art/dodecahedrons/script.js]
[digitonaut.com/art/dodecahedrons/index.html]
[digitonaut.com/art/dodecahedrons/chroma.min.js]
[digitonaut.com/art/doski_canady/shader-web-background.min.js]
[digitonaut.com/art/disconnect_work/processing.min.js]
[digitonaut.com/art/doski_canady/ichannel0.png]
[digitonaut.com/art/doski_canady/index.html]
[digitonaut.com/art/dry_rocky_george/shader-web-background.min.js]
[digitonaut.com/art/dry_rocky_george/ichannel0.jpg]
[digitonaut.com/art/dry_rocky_george/index.html]
[digitonaut.com/art/dual_truchet_tiles/shader-web-background.min.js]
[digitonaut.com/art/dual_truchet_tiles/index.html]
[digitonaut.com/art/dynamic_medusas/processing.min.js]
[digitonaut.com/art/dynamic_medusas/index.html]
[digitonaut.com/art/dynamic_patterns/openProcessing.js]
[digitonaut.com/art/dynamic_patterns/script.js]
[digitonaut.com/art/dynamic_patterns/index.html]
[digitonaut.com/art/dancing_colors/main.css]
[digitonaut.com/art/dangerous_planet/style.css]
[digitonaut.com/art/dark_cave/main.css]
[digitonaut.com/art/database_journey/style.css]
[digitonaut.com/art/day_night_ocean/main.css]
[digitonaut.com/art/december_box/style.css]
[digitonaut.com/art/deep_fractal_zoom/style.css]
[digitonaut.com/art/deep_in_the_wood/main.css]
[digitonaut.com/art/derivate_noise/style.css]
[digitonaut.com/art/desert/main.css]
[digitonaut.com/art/desert_canyon/ichannel0.html]
[digitonaut.com/art/desert_floor_blobs/style.css]
[digitonaut.com/art/digital_oil/style.css]
[digitonaut.com/art/digital_trees/p5.js]
[digitonaut.com/art/digital_wave/main.css]
[digitonaut.com/art/dizzy/style.css]
[digitonaut.com/art/dodecahedrons/style.css]
[digitonaut.com/art/dual_truchet_tiles/ichannel0.html]
[digitonaut.com/art/dynamic_patterns/p5.js]
